// Jest Snapshot v1, https://goo.gl/fbAQLP

exports[`<TextFieldCounter /> Snapshot 1`] = `
.emotion-0 {
  position: relative;
  display: -webkit-box;
  display: -webkit-flex;
  display: -ms-flexbox;
  display: flex;
  -webkit-align-items: center;
  -webkit-box-align: center;
  -ms-flex-align: center;
  align-items: center;
  -webkit-box-pack: justify;
  -webkit-justify-content: space-between;
  justify-content: space-between;
  border: solid 1px;
  border-radius: 4px;
  -webkit-transition: 0.17s ease box-shadow;
  transition: 0.17s ease box-shadow;
  height: 54px;
  padding: 0;
  padding-right: 16px;
  padding-left: 16px;
}

.emotion-0:hover {
  border: solid 1px;
}

.emotion-2 {
  -webkit-tap-highlight-color: transparent;
  border-radius: 4px;
  width: 100%;
  outline: none;
  display: block;
  font-weight: 500;
  background-color: transparent;
  -webkit-appearance: textfield;
  -moz-appearance: textfield;
  -ms-appearance: textfield;
  appearance: textfield;
  -webkit-appearance: none;
  -moz-appearance: none;
  -ms-appearance: none;
  appearance: none;
  margin: 0;
  margin-right: 16px;
  font-size: 15px;
  line-height: 20px;
}

.emotion-2::-ms-clear {
  display: none;
}

.emotion-2::-webkit-inner-spin-button,
.emotion-2::-webkit-outer-spin-button,
.emotion-2::-webkit-clear-button,
.emotion-2::-webkit-inner-spin-button,
.emotion-2::-webkit-calendar-picker-indicator {
  display: none;
}

.emotion-2:-webkit-autofill,
.emotion-2:-webkit-autofill:hover,
.emotion-2:-webkit-autofill:focus,
.emotion-2:-webkit-autofill:active {
  -webkit-text-fill-color: inherit;
  box-shadow: 0 0 0 1000px transparent inset;
  -webkit-transition: background-color 5000s ease-in-out 0s;
  transition: background-color 5000s ease-in-out 0s;
}

.emotion-4 {
  padding-left: 12px;
  border-left: 1px solid;
  position: absolute;
  right: 0;
  top: 50%;
  -webkit-transform: translateY(-50%);
  -moz-transform: translateY(-50%);
  -ms-transform: translateY(-50%);
  transform: translateY(-50%);
  display: inline-block;
  padding: 0;
  padding-right: 16px;
  padding-left: 16px;
}

.emotion-4 .emotion-7 {
  margin: 0;
  margin-right: 8px;
}

.emotion-4 .emotion-7:last-child {
  margin-right: 0;
}

.emotion-6 {
  outline: none;
  cursor: pointer;
  border-radius: 4px;
  border: none;
  width: 36px;
  height: 36px;
  padding: 0;
  -webkit-transition: background-color 0.17s ease-in-out,box-shadow 0.17s ease-in-out,border-color 0.17s ease-in-out;
  transition: background-color 0.17s ease-in-out,box-shadow 0.17s ease-in-out,border-color 0.17s ease-in-out;
}

.emotion-6 .emotion-9 svg {
  width: 16px;
  height: 16px;
}

.emotion-6:disabled {
  cursor: default;
}

.emotion-13 {
  display: inline-block;
  -webkit-text-decoration: none;
  text-decoration: none;
  vertical-align: middle;
}

.emotion-13 svg {
  display: block;
}

<OmittedComponent
  max={8}
  min={0}
  onChange={[MockFunction]}
  step={1}
  value="2"
>
  <Component
    max={8}
    min={0}
    onChange={[MockFunction]}
    step={1}
    value="2"
  >
    <TextFieldMasked
      additionalChild={
        <CounterStyled
          size="md"
        >
          <CounterControl
            aria-hidden="true"
            disabled={false}
            mode="decrease"
            onClick={[Function]}
          />
          <CounterControl
            aria-hidden="true"
            disabled={false}
            mode="increase"
            onClick={[Function]}
          />
        </CounterStyled>
      }
      aria-valuemax={8}
      aria-valuemin={0}
      aria-valuenow="2"
      aria-valuetext="undefined2undefined"
      autoComplete="off"
      inputMode="decimal"
      maskOptions={
        Object {
          "blocks": Object {
            "num": Object {
              "mask": [Function],
              "max": 8,
              "min": 0,
            },
          },
          "lazy": false,
          "mask": "num",
        }
      }
      onChange={[MockFunction]}
      onKeyDown={[Function]}
      role="spinbutton"
      size="md"
      value="2"
    >
      <IMask(Component)
        additionalChild={
          <CounterStyled
            size="md"
          >
            <CounterControl
              aria-hidden="true"
              disabled={false}
              mode="decrease"
              onClick={[Function]}
            />
            <CounterControl
              aria-hidden="true"
              disabled={false}
              mode="increase"
              onClick={[Function]}
            />
          </CounterStyled>
        }
        aria-valuemax={8}
        aria-valuemin={0}
        aria-valuenow="2"
        aria-valuetext="undefined2undefined"
        autoComplete="off"
        blocks={
          Object {
            "num": Object {
              "mask": [Function],
              "max": 8,
              "min": 0,
            },
          }
        }
        inputMode="decimal"
        lazy={false}
        mask="num"
        onAccept={[Function]}
        onBlur={[Function]}
        onKeyDown={[Function]}
        onKeyPress={[Function]}
        role="spinbutton"
        size="md"
        unmask={true}
        value="2"
      >
        <Component
          additionalChild={
            <CounterStyled
              size="md"
            >
              <CounterControl
                aria-hidden="true"
                disabled={false}
                mode="decrease"
                onClick={[Function]}
              />
              <CounterControl
                aria-hidden="true"
                disabled={false}
                mode="increase"
                onClick={[Function]}
              />
            </CounterStyled>
          }
          aria-valuemax={8}
          aria-valuemin={0}
          aria-valuenow="2"
          aria-valuetext="undefined2undefined"
          autoComplete="off"
          defaultValue="2"
          inputMode="decimal"
          inputRef={[Function]}
          onBlur={[Function]}
          onKeyDown={[Function]}
          onKeyPress={[Function]}
          role="spinbutton"
          size="md"
        >
          <OmittedComponent
            additionalChild={
              <CounterStyled
                size="md"
              >
                <CounterControl
                  aria-hidden="true"
                  disabled={false}
                  mode="decrease"
                  onClick={[Function]}
                />
                <CounterControl
                  aria-hidden="true"
                  disabled={false}
                  mode="increase"
                  onClick={[Function]}
                />
              </CounterStyled>
            }
            aria-valuemax={8}
            aria-valuemin={0}
            aria-valuenow="2"
            aria-valuetext="undefined2undefined"
            autoComplete="off"
            defaultValue="2"
            inputMode="decimal"
            onBlur={[Function]}
            onKeyDown={[Function]}
            onKeyPress={[Function]}
            refWrapper={[Function]}
            role="spinbutton"
            size="md"
          >
            <Component
              additionalChild={
                <CounterStyled
                  size="md"
                >
                  <CounterControl
                    aria-hidden="true"
                    disabled={false}
                    mode="decrease"
                    onClick={[Function]}
                  />
                  <CounterControl
                    aria-hidden="true"
                    disabled={false}
                    mode="increase"
                    onClick={[Function]}
                  />
                </CounterStyled>
              }
              aria-valuemax={8}
              aria-valuemin={0}
              aria-valuenow="2"
              aria-valuetext="undefined2undefined"
              autoComplete="off"
              defaultValue="2"
              inputMode="decimal"
              onBlur={[Function]}
              onKeyDown={[Function]}
              onKeyPress={[Function]}
              refWrapper={[Function]}
              role="spinbutton"
              size="md"
            >
              <WrapperStyled
                focused={false}
                horizontalPadding="inner"
                size="md"
                verticalPadding="inner"
              >
                <span
                  className="emotion-0 emotion-1"
                  size="md"
                >
                  <TextFieldStyled
                    aria-valuemax={8}
                    aria-valuemin={0}
                    aria-valuenow="2"
                    aria-valuetext="undefined2undefined"
                    autoComplete="off"
                    defaultValue="2"
                    horizontalMargin="inner"
                    horizontalMarginDirection="right"
                    horizontalPadding="inner"
                    inputMode="decimal"
                    onBlur={[Function]}
                    onChange={[Function]}
                    onClick={[Function]}
                    onFocus={[Function]}
                    onKeyDown={[Function]}
                    onKeyPress={[Function]}
                    role="spinbutton"
                    size="md"
                    verticalPadding="inner"
                  >
                    <input
                      aria-valuemax={8}
                      aria-valuemin={0}
                      aria-valuenow="2"
                      aria-valuetext="undefined2undefined"
                      autoComplete="off"
                      className="emotion-2 emotion-3"
                      defaultValue="2"
                      inputMode="decimal"
                      onBlur={[Function]}
                      onChange={[Function]}
                      onClick={[Function]}
                      onFocus={[Function]}
                      onKeyDown={[Function]}
                      onKeyPress={[Function]}
                      role="spinbutton"
                      size="md"
                    />
                  </TextFieldStyled>
                  <CounterStyled
                    size="md"
                  >
                    <span
                      className="emotion-4 emotion-5"
                      size="md"
                    >
                      <CounterControl
                        aria-hidden="true"
                        disabled={false}
                        mode="decrease"
                        onClick={[Function]}
                      >
                        <CounterButtonStyled
                          aria-hidden="true"
                          disabled={false}
                          onClick={[Function]}
                          tabIndex={-1}
                          type="button"
                        >
                          <button
                            aria-hidden="true"
                            className="emotion-6 emotion-7"
                            disabled={false}
                            onClick={[Function]}
                            tabIndex={-1}
                            type="button"
                          >
                            <IconStyled
                              icon="<svg width=\\"16px\\" height=\\"16px\\" viewBox=\\"0 0 16 16\\" version=\\"1.1\\" xmlns=\\"http://www.w3.org/2000/svg\\" xmlnsXlink=\\"http://www.w3.org/1999/xlink\\">    <g stroke=\\"none\\" stroke-width=\\"1\\">        <rect x=\\"2\\" y=\\"7\\" width=\\"12\\" height=\\"2\\" rx=\\"1\\"></rect>    </g></svg>"
                            >
                              <Icon
                                className="emotion-8 emotion-9"
                                icon="<svg width=\\"16px\\" height=\\"16px\\" viewBox=\\"0 0 16 16\\" version=\\"1.1\\" xmlns=\\"http://www.w3.org/2000/svg\\" xmlnsXlink=\\"http://www.w3.org/1999/xlink\\">    <g stroke=\\"none\\" stroke-width=\\"1\\">        <rect x=\\"2\\" y=\\"7\\" width=\\"12\\" height=\\"2\\" rx=\\"1\\"></rect>    </g></svg>"
                              >
                                <WrapperStyled
                                  className="emotion-8 emotion-9"
                                  dangerouslySetInnerHTML={
                                    Object {
                                      "__html": "<svg width=\\"16px\\" height=\\"16px\\" viewBox=\\"0 0 16 16\\" version=\\"1.1\\" xmlns=\\"http://www.w3.org/2000/svg\\" xmlnsXlink=\\"http://www.w3.org/1999/xlink\\">    <g stroke=\\"none\\" stroke-width=\\"1\\">        <rect x=\\"2\\" y=\\"7\\" width=\\"12\\" height=\\"2\\" rx=\\"1\\"></rect>    </g></svg>",
                                    }
                                  }
                                  onClick={[Function]}
                                >
                                  <span
                                    className="emotion-9 emotion-13 emotion-14"
                                    dangerouslySetInnerHTML={
                                      Object {
                                        "__html": "<svg width=\\"16px\\" height=\\"16px\\" viewBox=\\"0 0 16 16\\" version=\\"1.1\\" xmlns=\\"http://www.w3.org/2000/svg\\" xmlnsXlink=\\"http://www.w3.org/1999/xlink\\">    <g stroke=\\"none\\" stroke-width=\\"1\\">        <rect x=\\"2\\" y=\\"7\\" width=\\"12\\" height=\\"2\\" rx=\\"1\\"></rect>    </g></svg>",
                                      }
                                    }
                                    onClick={[Function]}
                                  />
                                </WrapperStyled>
                              </Icon>
                            </IconStyled>
                          </button>
                        </CounterButtonStyled>
                      </CounterControl>
                      <CounterControl
                        aria-hidden="true"
                        disabled={false}
                        mode="increase"
                        onClick={[Function]}
                      >
                        <CounterButtonStyled
                          aria-hidden="true"
                          disabled={false}
                          onClick={[Function]}
                          tabIndex={-1}
                          type="button"
                        >
                          <button
                            aria-hidden="true"
                            className="emotion-6 emotion-7"
                            disabled={false}
                            onClick={[Function]}
                            tabIndex={-1}
                            type="button"
                          >
                            <IconStyled
                              icon="<svg width=\\"16px\\" height=\\"16px\\" viewBox=\\"0 0 16 16\\" version=\\"1.1\\" xmlns=\\"http://www.w3.org/2000/svg\\" xmlnsXlink=\\"http://www.w3.org/1999/xlink\\">    <g stroke=\\"none\\" stroke-width=\\"1\\">        <path d=\\"M8,2 C8.55228475,2 9,2.45576096 9,3.00247329 L9,7 L12.9975267,7 C13.5116309,7 13.9353477,7.38272018 13.9932556,7.88266744 L14,8 C14,8.55228475 13.544239,9 12.9975267,9 L8.999,9 L9,12.9975267 C9,13.5116309 8.61727982,13.9353477 8.11733256,13.9932556 L8,14 C7.44771525,14 7,13.544239 7,12.9975267 L6.999,9 L3.00247329,9 C2.44882258,9 2,8.55613518 2,8 C2,7.44771525 2.45576096,7 3.00247329,7 L7,7 L7,3.00247329 C7,2.44882258 7.44386482,2 8,2 Z\\"></path>    </g></svg>"
                            >
                              <Icon
                                className="emotion-8 emotion-9"
                                icon="<svg width=\\"16px\\" height=\\"16px\\" viewBox=\\"0 0 16 16\\" version=\\"1.1\\" xmlns=\\"http://www.w3.org/2000/svg\\" xmlnsXlink=\\"http://www.w3.org/1999/xlink\\">    <g stroke=\\"none\\" stroke-width=\\"1\\">        <path d=\\"M8,2 C8.55228475,2 9,2.45576096 9,3.00247329 L9,7 L12.9975267,7 C13.5116309,7 13.9353477,7.38272018 13.9932556,7.88266744 L14,8 C14,8.55228475 13.544239,9 12.9975267,9 L8.999,9 L9,12.9975267 C9,13.5116309 8.61727982,13.9353477 8.11733256,13.9932556 L8,14 C7.44771525,14 7,13.544239 7,12.9975267 L6.999,9 L3.00247329,9 C2.44882258,9 2,8.55613518 2,8 C2,7.44771525 2.45576096,7 3.00247329,7 L7,7 L7,3.00247329 C7,2.44882258 7.44386482,2 8,2 Z\\"></path>    </g></svg>"
                              >
                                <WrapperStyled
                                  className="emotion-8 emotion-9"
                                  dangerouslySetInnerHTML={
                                    Object {
                                      "__html": "<svg width=\\"16px\\" height=\\"16px\\" viewBox=\\"0 0 16 16\\" version=\\"1.1\\" xmlns=\\"http://www.w3.org/2000/svg\\" xmlnsXlink=\\"http://www.w3.org/1999/xlink\\">    <g stroke=\\"none\\" stroke-width=\\"1\\">        <path d=\\"M8,2 C8.55228475,2 9,2.45576096 9,3.00247329 L9,7 L12.9975267,7 C13.5116309,7 13.9353477,7.38272018 13.9932556,7.88266744 L14,8 C14,8.55228475 13.544239,9 12.9975267,9 L8.999,9 L9,12.9975267 C9,13.5116309 8.61727982,13.9353477 8.11733256,13.9932556 L8,14 C7.44771525,14 7,13.544239 7,12.9975267 L6.999,9 L3.00247329,9 C2.44882258,9 2,8.55613518 2,8 C2,7.44771525 2.45576096,7 3.00247329,7 L7,7 L7,3.00247329 C7,2.44882258 7.44386482,2 8,2 Z\\"></path>    </g></svg>",
                                    }
                                  }
                                  onClick={[Function]}
                                >
                                  <span
                                    className="emotion-9 emotion-13 emotion-14"
                                    dangerouslySetInnerHTML={
                                      Object {
                                        "__html": "<svg width=\\"16px\\" height=\\"16px\\" viewBox=\\"0 0 16 16\\" version=\\"1.1\\" xmlns=\\"http://www.w3.org/2000/svg\\" xmlnsXlink=\\"http://www.w3.org/1999/xlink\\">    <g stroke=\\"none\\" stroke-width=\\"1\\">        <path d=\\"M8,2 C8.55228475,2 9,2.45576096 9,3.00247329 L9,7 L12.9975267,7 C13.5116309,7 13.9353477,7.38272018 13.9932556,7.88266744 L14,8 C14,8.55228475 13.544239,9 12.9975267,9 L8.999,9 L9,12.9975267 C9,13.5116309 8.61727982,13.9353477 8.11733256,13.9932556 L8,14 C7.44771525,14 7,13.544239 7,12.9975267 L6.999,9 L3.00247329,9 C2.44882258,9 2,8.55613518 2,8 C2,7.44771525 2.45576096,7 3.00247329,7 L7,7 L7,3.00247329 C7,2.44882258 7.44386482,2 8,2 Z\\"></path>    </g></svg>",
                                      }
                                    }
                                    onClick={[Function]}
                                  />
                                </WrapperStyled>
                              </Icon>
                            </IconStyled>
                          </button>
                        </CounterButtonStyled>
                      </CounterControl>
                    </span>
                  </CounterStyled>
                </span>
              </WrapperStyled>
            </Component>
          </OmittedComponent>
        </Component>
      </IMask(Component)>
    </TextFieldMasked>
  </Component>
</OmittedComponent>
`;
